// Jest Snapshot v1, https://goo.gl/fbAQLP

exports[`Login should render correctly 1`] = `
<DocumentFragment>
  <div
    class="grid grid-cols-1 gap-2 text-center"
  >
    <button
      class="bg-gradient-purple text-white p-4 text-xl uppercase font-bold rounded hover:bg-gradient-purple-dark "
    >
      Login
    </button>
  </div>
</DocumentFragment>
`;
