// Jest Snapshot v1, https://goo.gl/fbAQLP

exports[`Selector should render correctly 1`] = `
<DocumentFragment>
  <button
    class="relative p-4 w-full font-bold text-center uppercase bg-purple-50"
  >
    One
  </button>
</DocumentFragment>
`;

exports[`Selector should render when selected 1`] = `
"Snapshot Diff:
- First value
+ Second value

  <DocumentFragment>
    <button
      class=\\"relative p-4 w-full font-bold text-center uppercase bg-purple-50\\"
    >
      One
-     <div
-       class=\\"absolute right-0 bottom-0 left-0 w-full h-1 bg-highlight\\"
-     />
    </button>
  </DocumentFragment>"
`;
