// Jest Snapshot v1, https://goo.gl/fbAQLP

exports[`SiteChattr should render correctly when logged in 1`] = `
<DocumentFragment>
  <div
    class="flex flex-col gap-4 h-full"
  >
    <main
      class="flex flex-col flex-shrink h-full"
    >
      <header
        class="sticky top-0 p-2 text-center bg-purple-400"
      >
        <h1
          class="text-purple-50"
        >
          SiteChattr
        </h1>
        <h2
          class="overflow-x-auto text-purple-50"
        >
          localhost/
        </h2>
      </header>
      <div
        class="flex flex-row"
      >
        <button
          class="relative p-4 w-full font-bold text-center uppercase bg-purple-50"
        >
          Page
          <div
            class="absolute right-0 bottom-0 left-0 w-full h-1 bg-highlight"
          />
        </button>
        <button
          class="relative p-4 w-full font-bold text-center uppercase bg-purple-50"
        >
          Site
        </button>
      </div>
      <div
        class="overflow-auto flex-shrink p-2 h-full"
      >
        <div
          class="text-center text-purple-300"
        >
          Fetching messages...
        </div>
      </div>
      <div
        class="grid grid-cols-1 gap-2 text-center"
      >
        <button
          class="bg-gradient-purple text-white p-4 text-xl uppercase font-bold rounded hover:bg-gradient-purple-dark "
        >
          Login
        </button>
      </div>
    </main>
  </div>
</DocumentFragment>
`;

exports[`SiteChattr should render correctly when not logged in 1`] = `
"Snapshot Diff:
Compared values have no visual difference."
`;
